["return",true]
["return",false]
["return",false]
["return",false]
["return",true]
["return",[]]
["return",[["File \"\", line 1, characters 31-39","module Test_sexp : sig type t = int end"]]]
