["return",true]
["return",false]
["return",false]
["return",false]
["return",false]
["return",true]
["return",[{"type":"type","start":{"line":1,"col":60},"end":{"line":1,"col":69},"valid":true,"message":"Unbound value sexp_of_t"}]]
