["return",{"result":true}]
["return",null]
["return",{"line":2,"col":35}]
["return",[]]
