["return",true]
["return",null]
["return",{"line":1,"col":86}]
["return",[]]
