["return",true]
["return",null]
["return",{"line":2,"col":34}]
["return",[]]
