["return",{"result":true}]
["return",null]
["return",{"line":1,"col":76}]
["return",[]]
