["return",true]
["return",null]
["return",{"line":1,"col":96}]
["return",[]]
