["return",null]
["return",null]
["return",null]
["return",{"line":3,"col":3}]
