["return",{"cursor":{"line":1,"col":0},"marker":false}]
["return",{"result":true}]
["return",{"result":true}]
["return",{"cursor":{"line":1,"col":0},"marker":false}]
["return",{"cursor":{"line":4,"col":0},"marker":false}]
["return",{"cursor":{"line":4,"col":0},"marker":false}]
["return",[{"type":"type","start":{"line":3,"col":2},"end":{"line":3,"col":15},"valid":true,"message":"Error: This expression has type float but an expression was expected of type\n         unit"}]]
["return",{"entries":[{"name":"getDate","kind":"#","desc":"int Js.meth","info":""},{"name":"getDay","kind":"#","desc":"int Js.meth","info":""},{"name":"getFullYear","kind":"#","desc":"int Js.meth","info":""},{"name":"getHours","kind":"#","desc":"int Js.meth","info":""},{"name":"getMilliseconds","kind":"#","desc":"int Js.meth","info":""},{"name":"getMinutes","kind":"#","desc":"int Js.meth","info":""},{"name":"getMonth","kind":"#","desc":"int Js.meth","info":""},{"name":"getSeconds","kind":"#","desc":"int Js.meth","info":""},{"name":"getTime","kind":"#","desc":"float Js.meth","info":""},{"name":"getTimezoneOffset","kind":"#","desc":"int Js.meth","info":""},{"name":"getUTCDate","kind":"#","desc":"int Js.meth","info":""},{"name":"getUTCDay","kind":"#","desc":"int Js.meth","info":""},{"name":"getUTCFullYear","kind":"#","desc":"int Js.meth","info":""},{"name":"getUTCHours","kind":"#","desc":"int Js.meth","info":""},{"name":"getUTCMilliseconds","kind":"#","desc":"int Js.meth","info":""},{"name":"getUTCMinutes","kind":"#","desc":"int Js.meth","info":""},{"name":"getUTCMonth","kind":"#","desc":"int Js.meth","info":""},{"name":"getUTCSeconds","kind":"#","desc":"int Js.meth","info":""},{"name":"setDate","kind":"#","desc":"int -> float Js.meth","info":""},{"name":"setDay","kind":"#","desc":"int -> float Js.meth","info":""},{"name":"setFullYear","kind":"#","desc":"int -> float Js.meth","info":""},{"name":"setHours","kind":"#","desc":"int -> float Js.meth","info":""},{"name":"setMilliseconds","kind":"#","desc":"int -> float Js.meth","info":""},{"name":"setMinutes","kind":"#","desc":"int -> float Js.meth","info":""},{"name":"setMonth","kind":"#","desc":"int -> float Js.meth","info":""},{"name":"setSeconds","kind":"#","desc":"int -> float Js.meth","info":""},{"name":"setTime","kind":"#","desc":"float -> float Js.meth","info":""},{"name":"setUTCDate","kind":"#","desc":"int -> float Js.meth","info":""},{"name":"setUTCDay","kind":"#","desc":"int -> float Js.meth","info":""},{"name":"setUTCFullYear","kind":"#","desc":"int -> float Js.meth","info":""},{"name":"setUTCHours","kind":"#","desc":"int -> float Js.meth","info":""},{"name":"setUTCMilliseconds","kind":"#","desc":"int -> float Js.meth","info":""},{"name":"setUTCMinutes","kind":"#","desc":"int -> float Js.meth","info":""},{"name":"setUTCMonth","kind":"#","desc":"int -> float Js.meth","info":""},{"name":"setUTCSeconds","kind":"#","desc":"int -> float Js.meth","info":""},{"name":"toDateString","kind":"#","desc":"Js.js_string Js.t Js.meth","info":""},{"name":"toISOString","kind":"#","desc":"Js.js_string Js.t Js.meth","info":""},{"name":"toJSON","kind":"#","desc":"'a. 'a -> Js.js_string Js.t Js.meth","info":""},{"name":"toLocaleDateString","kind":"#","desc":"Js.js_string Js.t Js.meth","info":""},{"name":"toLocaleString","kind":"#","desc":"Js.js_string Js.t Js.meth","info":""},{"name":"toLocaleTimeString","kind":"#","desc":"Js.js_string Js.t Js.meth","info":""},{"name":"toString","kind":"#","desc":"Js.js_string Js.t Js.meth","info":""},{"name":"toTimeString","kind":"#","desc":"Js.js_string Js.t Js.meth","info":""},{"name":"toUTCString","kind":"#","desc":"Js.js_string Js.t Js.meth","info":""},{"name":"valueOf","kind":"#","desc":"float Js.meth","info":""}],"context":null}]
["return",{"cursor":{"line":2,"col":36},"marker":false}]
["return",{"cursor":{"line":4,"col":0},"marker":false}]
["return",{"cursor":{"line":4,"col":0},"marker":true}]
["return",{"cursor":{"line":4,"col":0},"marker":false}]
["return",{"cursor":{"line":4,"col":0},"marker":false}]
["return",{"entries":[{"name":"getDate","kind":"#","desc":"int Js.meth","info":""},{"name":"getDay","kind":"#","desc":"int Js.meth","info":""},{"name":"getFullYear","kind":"#","desc":"int Js.meth","info":""},{"name":"getHours","kind":"#","desc":"int Js.meth","info":""},{"name":"getMilliseconds","kind":"#","desc":"int Js.meth","info":""},{"name":"getMinutes","kind":"#","desc":"int Js.meth","info":""},{"name":"getMonth","kind":"#","desc":"int Js.meth","info":""},{"name":"getSeconds","kind":"#","desc":"int Js.meth","info":""},{"name":"getTime","kind":"#","desc":"float Js.meth","info":""},{"name":"getTimezoneOffset","kind":"#","desc":"int Js.meth","info":""},{"name":"getUTCDate","kind":"#","desc":"int Js.meth","info":""},{"name":"getUTCDay","kind":"#","desc":"int Js.meth","info":""},{"name":"getUTCFullYear","kind":"#","desc":"int Js.meth","info":""},{"name":"getUTCHours","kind":"#","desc":"int Js.meth","info":""},{"name":"getUTCMilliseconds","kind":"#","desc":"int Js.meth","info":""},{"name":"getUTCMinutes","kind":"#","desc":"int Js.meth","info":""},{"name":"getUTCMonth","kind":"#","desc":"int Js.meth","info":""},{"name":"getUTCSeconds","kind":"#","desc":"int Js.meth","info":""}],"context":null}]
