["return",{"cursor":{"line":1,"col":0},"marker":false}]
["return",{"cursor":{"line":1,"col":0},"marker":false}]
["return",{"cursor":{"line":3,"col":0},"marker":false}]
["return",{"cursor":{"line":3,"col":0},"marker":false}]
["return",{"cursor":{"line":3,"col":0},"marker":false}]
["return",{"cursor":{"line":11,"col":0},"marker":false}]
["return",[{"name":"m1","kind":"Value","pos":{"line":9,"col":6},"children":[]},{"name":"a","kind":"Value","pos":{"line":6,"col":4},"children":[]},{"name":"t2","kind":"Type","pos":{"line":4,"col":5},"children":[{"name":"e1","kind":"Label","pos":{"line":4,"col":12},"children":[]},{"name":"e2","kind":"Label","pos":{"line":4,"col":23},"children":[]}]},{"name":"E","kind":"Exn","pos":{"line":2,"col":35},"children":[]},{"name":"t","kind":"Type","pos":{"line":2,"col":5},"children":[]},{"name":"t_of_sexp","kind":"Value","pos":{"line":2,"col":18},"children":[]}]]
