["return",{"line":1,"col":0}]
["return",null]
["return",{"line":1,"col":14}]
["return",{"line":1,"col":14}]
["return",[]]
["return",{"line":1,"col":14}]
["return",{"line":1,"col":0}]
["return",null]
["return",{"line":3,"col":1}]
["return",{"line":3,"col":1}]
["return",[]]
["return",{"line":1,"col":0}]
["return",{"line":1,"col":0}]
["return",null]
["return",{"line":3,"col":1}]
["return",{"line":3,"col":1}]
["return",[]]
["return",{"line":3,"col":1}]
["return",{"line":1,"col":14}]
["return",[{"start":{"line":1,"col":4},"end":{"line":1,"col":5},"type":"'a -> unit"},{"start":{"line":1,"col":4},"end":{"line":1,"col":5},"type":"'a -> unit"}]]
["return",{"line":1,"col":14}]
["return",{"line":1,"col":0}]
["return",null]
["return",{"line":3,"col":1}]
["return",{"line":3,"col":1}]
["return",[{"type":"warning","start":{"line":1,"col":8},"end":{"line":1,"col":14},"valid":true,"message":"Warning 5: this function application is partial,\nmaybe some arguments are missing.\n"}]]
["return",{"line":3,"col":1}]
["return",{"line":3,"col":1}]
["return",[{"start":{"line":1,"col":4},"end":{"line":1,"col":5},"type":"int"},{"start":{"line":1,"col":4},"end":{"line":1,"col":5},"type":"int"}]]
