["return",null]
["return",{"line":3,"col":3}]
["return",{"line":1,"col":17}]
["return",null]
["return",{"line":3,"col":3}]
["return",[]]
