["return",{"line":1,"col":0}]
["return",false]
["return",true]
["return",[{"start":{"line":5,"col":8},"end":{"line":5,"col":9},"type":"string"},{"start":{"line":5,"col":8},"end":{"line":5,"col":9},"type":"string"}]]
["return",{"line":4,"col":3}]
["return",false]
["return",true]
["return",[{"start":{"line":5,"col":8},"end":{"line":5,"col":9},"type":"string"},{"start":{"line":5,"col":8},"end":{"line":5,"col":9},"type":"string"}]]
