["return",false]
["return",true]
["return",[]]
["return",{"line":1,"col":27}]
["return",false]
["return",true]
["return",[]]
["return",{"line":4,"col":25}]
["return",false]
["return",true]
["return",[]]
