["return",null]
["return",{"line":3,"col":9}]
["return",{"line":3,"col":9}]
["return",{"line":3,"col":9}]
["return",{"line":2,"col":9}]
["return",{"line":3,"col":9}]
["return",{"line":3,"col":9}]
