["return",true]
["return",false]
["return",false]
["return",false]
["return",true]
["return",[]]
["return",[["Line 1, characters 28-56","module type Test_sexp = sig exception E of int end"]]]
