["return",{"result":true}]
["return",null]
["return",null]
["return",{"line":1,"col":43}]
["return",[]]
["return",[["Line 1, characters 5-13","type t = int"],["Line 1, characters 18-22","val sexp_of_t : t -> Sexplib.Sexp.t"],["Line 1, characters 18-22","val t_of_sexp : Sexplib.Sexp.t -> t"],["Line 1, characters 27-31","val test : t -> Sexplib.Sexp.t"]]]
