["return",true]
["return",null]
["return",null]
["return",null]
["return",{"line":1,"col":58}]
["return",[]]
["return",[["Line 1, characters 26-54","module Test_sexp : sig exception E of int end"]]]
