["return",true]
["return",null]
["return",null]
["return",null]
["return",null]
["return",{"line":1,"col":73}]
["return",[]]
