["return",true]
["return",["/home/def/.merlin"]]
["return",{"line":1,"col":0}]
["return",{"line":1,"col":0}]
["return",false]
["return",false]
["return",true]
["return",{"line":3,"col":8}]
["return",[0,[]]]
["return",{"line":1,"col":20}]
["return",false]
["return",false]
["return",true]
["return",{"line":3,"col":8}]
["error",{"type":"type","start":{"line":1,"col":0},"end":{"line":1,"col":1},"valid":true,"message":"Unbound value x"}]
["return",{"line":1,"col":20}]
["return",false]
["return",false]
["return",true]
["return",{"line":3,"col":8}]
["return",{"start":{"line":1,"col":16},"end":{"line":1,"col":20},"type":"unit"}]
