["return",false]
["return",true]
["return",{"line":2,"col":20}]
["return",[{"start":{"line":2,"col":4},"end":{"line":2,"col":5},"type":"t"},{"start":{"line":2,"col":4},"end":{"line":2,"col":5},"type":"t"}]]
["return",[{"start":{"line":2,"col":4},"end":{"line":2,"col":5},"type":"int * string"},{"start":{"line":2,"col":4},"end":{"line":2,"col":5},"type":"int * string"}]]
